{
  "status": "matrix_completed",
  "run_count": 21,
  "runs": [
    {
      "regime_id": "third_order_r50_context_scheduled",
      "candidate_id": "d2_g2_two_pole",
      "seed": 0,
      "status": "completed",
      "output_dir": "/home/bluster/projectA/thermal-world-model/results/phase3_5/ms2d_order/ms2o_d2_g2_two_pole_s0",
      "checkpoint_sha256": "b25654836c2d25c3cce49a272342a044909839a0cb0282312d653464caccf0f3",
      "best_epoch": 288,
      "validation_clean_effect_nmae": 0.05386405065655708,
      "test_accessed": false
    },
    {
      "regime_id": "third_order_r50_context_scheduled",
      "candidate_id": "d2_g2_two_pole",
      "seed": 1,
      "status": "completed",
      "output_dir": "/home/bluster/projectA/thermal-world-model/results/phase3_5/ms2d_order/ms2o_d2_g2_two_pole_s1",
      "checkpoint_sha256": "95bb8c8171be1c56f5c8a1bb42f5c957416d070f1a16a27324e3ac039ed004b0",
      "best_epoch": 298,
      "validation_clean_effect_nmae": 0.06383299082517624,
      "test_accessed": false
    },
    {
      "regime_id": "third_order_r50_context_scheduled",
      "candidate_id": "d2_g2_two_pole",
      "seed": 2,
      "status": "completed",
      "output_dir": "/home/bluster/projectA/thermal-world-model/results/phase3_5/ms2d_order/ms2o_d2_g2_two_pole_s2",
      "checkpoint_sha256": "056e5d581a174270b22876beee6408109fd7eab3bbec0348cf0fe4f7665ac5d6",
      "best_epoch": 235,
      "validation_clean_effect_nmae": 0.05707097053527832,
      "test_accessed": false
    },
    {
      "regime_id": "third_order_r50_context_scheduled",
      "candidate_id": "d2_g3_three_pole",
      "seed": 0,
      "status": "completed",
      "output_dir": "/home/bluster/projectA/thermal-world-model/results/phase3_5/ms2d_order/ms2o_d2_g3_three_pole_s0",
      "checkpoint_sha256": "eda793907d7d8a9e1001705e562ea8b337159d780aa603fc22550ab04cd4df18",
      "best_epoch": 288,
      "validation_clean_effect_nmae": 0.04030235484242439,
      "test_accessed": false
    },
    {
      "regime_id": "third_order_r50_context_scheduled",
      "candidate_id": "d2_g3_three_pole",
      "seed": 1,
      "status": "completed",
      "output_dir": "/home/bluster/projectA/thermal-world-model/results/phase3_5/ms2d_order/ms2o_d2_g3_three_pole_s1",
      "checkpoint_sha256": "8c6b9efa8d806dee93fa82908be48fc8711f3ad92c63d5aa2af85837760b5d31",
      "best_epoch": 298,
      "validation_clean_effect_nmae": 0.05198764428496361,
      "test_accessed": false
    },
    {
      "regime_id": "third_order_r50_context_scheduled",
      "candidate_id": "d2_g3_three_pole",
      "seed": 2,
      "status": "completed",
      "output_dir": "/home/bluster/projectA/thermal-world-model/results/phase3_5/ms2d_order/ms2o_d2_g3_three_pole_s2",
      "checkpoint_sha256": "23eefa1a0b776a2df5bd104a6fe4c3435f8f21165b03c4885af2a810de12a85f",
      "best_epoch": 260,
      "validation_clean_effect_nmae": 0.041036494076251984,
      "test_accessed": false
    },
    {
      "regime_id": "third_order_r50_context_scheduled",
      "candidate_id": "d2_g3_oracle_structure",
      "seed": 0,
      "status": "completed",
      "output_dir": "/home/bluster/projectA/thermal-world-model/results/phase3_5/ms2d_order/ms2o_d2_g3_oracle_structure_s0",
      "checkpoint_sha256": "3884960653d305d8a301679ddd400f08a644c17a32d72e14f144cd8e018a53af",
      "best_epoch": 297,
      "validation_clean_effect_nmae": 0.02141779661178589,
      "test_accessed": false
    },
    {
      "regime_id": "third_order_r50_context_scheduled",
      "candidate_id": "d2_g3_oracle_structure",
      "seed": 1,
      "status": "completed",
      "output_dir": "/home/bluster/projectA/thermal-world-model/results/phase3_5/ms2d_order/ms2o_d2_g3_oracle_structure_s1",
      "checkpoint_sha256": "e6e49bb6c9de7e5e9dc889a01ada724719b9638ac71fc14be0c008e101bcea6f",
      "best_epoch": 280,
      "validation_clean_effect_nmae": 0.022608214989304543,
      "test_accessed": false
    },
    {
      "regime_id": "third_order_r50_context_scheduled",
      "candidate_id": "d2_g3_oracle_structure",
      "seed": 2,
      "status": "completed",
      "output_dir": "/home/bluster/projectA/thermal-world-model/results/phase3_5/ms2d_order/ms2o_d2_g3_oracle_structure_s2",
      "checkpoint_sha256": "07dd7aa666cde1d818f2938bf4c28c421231a6e7e9bf3f7ade903f6886b8df4a",
      "best_epoch": 252,
      "validation_clean_effect_nmae": 0.02261696197092533,
      "test_accessed": false
    },
    {
      "regime_id": "third_order_r50_context_scheduled",
      "candidate_id": "d2_g2_delay_compensation",
      "seed": 0,
      "status": "completed",
      "output_dir": "/home/bluster/projectA/thermal-world-model/results/phase3_5/ms2d_order/ms2o_d2_g2_delay_compensation_s0",
      "checkpoint_sha256": "07bf81315cd80254620366080d2ade855704aabe2da72974e7bb136e08e76e8c",
      "best_epoch": 251,
      "validation_clean_effect_nmae": 0.041988495737314224,
      "test_accessed": false
    },
    {
      "regime_id": "third_order_r50_context_scheduled",
      "candidate_id": "d2_g2_delay_compensation",
      "seed": 1,
      "status": "completed",
      "output_dir": "/home/bluster/projectA/thermal-world-model/results/phase3_5/ms2d_order/ms2o_d2_g2_delay_compensation_s1",
      "checkpoint_sha256": "a8d88eb9ce3243271a0b0304b5cd5b4b21decbc2828c0d2d916c4274a6b96871",
      "best_epoch": 298,
      "validation_clean_effect_nmae": 0.05343368649482727,
      "test_accessed": false
    },
    {
      "regime_id": "third_order_r50_context_scheduled",
      "candidate_id": "d2_g2_delay_compensation",
      "seed": 2,
      "status": "completed",
      "output_dir": "/home/bluster/projectA/thermal-world-model/results/phase3_5/ms2d_order/ms2o_d2_g2_delay_compensation_s2",
      "checkpoint_sha256": "bfa7c77d238dce95fcc767fe66b4842a1872a451da7c52c8b6b5625994626d61",
      "best_epoch": 299,
      "validation_clean_effect_nmae": 0.04128812626004219,
      "test_accessed": false
    },
    {
      "regime_id": "third_order_r50_context_scheduled",
      "candidate_id": "d2_k4_monotone",
      "seed": 0,
      "status": "completed",
      "output_dir": "/home/bluster/projectA/thermal-world-model/results/phase3_5/ms2d_order/ms2o_d2_k4_monotone_s0",
      "checkpoint_sha256": "d575fc47bfeed16de4d9faf6ea52fc1d342bbccbf4cd7162efe5856d891060f5",
      "best_epoch": 298,
      "validation_clean_effect_nmae": 0.2583226263523102,
      "test_accessed": false
    },
    {
      "regime_id": "third_order_r50_context_scheduled",
      "candidate_id": "d2_k4_monotone",
      "seed": 1,
      "status": "completed",
      "output_dir": "/home/bluster/projectA/thermal-world-model/results/phase3_5/ms2d_order/ms2o_d2_k4_monotone_s1",
      "checkpoint_sha256": "3a831465fc984bdc46ad833add3f6906940ca9e2160a0b83ca09210f4acf0bca",
      "best_epoch": 286,
      "validation_clean_effect_nmae": 0.26339489221572876,
      "test_accessed": false
    },
    {
      "regime_id": "third_order_r50_context_scheduled",
      "candidate_id": "d2_k4_monotone",
      "seed": 2,
      "status": "completed",
      "output_dir": "/home/bluster/projectA/thermal-world-model/results/phase3_5/ms2d_order/ms2o_d2_k4_monotone_s2",
      "checkpoint_sha256": "45d9fb64fc0dee38abbdd9952ac77322ae70f868c7ba07c500da35dd9a32bd03",
      "best_epoch": 294,
      "validation_clean_effect_nmae": 0.25015464425086975,
      "test_accessed": false
    },
    {
      "regime_id": "third_order_r50_context_scheduled",
      "candidate_id": "d2_pi_monotone",
      "seed": 0,
      "status": "completed",
      "output_dir": "/home/bluster/projectA/thermal-world-model/results/phase3_5/ms2d_order/ms2o_d2_pi_monotone_s0",
      "checkpoint_sha256": "1e4b79a8728058d24c94a030a78fbd493c8120b225299160fa571eb201af80ed",
      "best_epoch": 257,
      "validation_clean_effect_nmae": 0.056358546018600464,
      "test_accessed": false
    },
    {
      "regime_id": "third_order_r50_context_scheduled",
      "candidate_id": "d2_pi_monotone",
      "seed": 1,
      "status": "completed",
      "output_dir": "/home/bluster/projectA/thermal-world-model/results/phase3_5/ms2d_order/ms2o_d2_pi_monotone_s1",
      "checkpoint_sha256": "b4356e522c57b369d512870bd1a44b023791c0579c21f0983d01c000dd8663f4",
      "best_epoch": 235,
      "validation_clean_effect_nmae": 0.06639739125967026,
      "test_accessed": false
    },
    {
      "regime_id": "third_order_r50_context_scheduled",
      "candidate_id": "d2_pi_monotone",
      "seed": 2,
      "status": "completed",
      "output_dir": "/home/bluster/projectA/thermal-world-model/results/phase3_5/ms2d_order/ms2o_d2_pi_monotone_s2",
      "checkpoint_sha256": "9e6651adf7ca0e91258ed4009182865af5e93b1339b882ce819d9fe35b425769",
      "best_epoch": 299,
      "validation_clean_effect_nmae": 0.05669455602765083,
      "test_accessed": false
    },
    {
      "regime_id": "third_order_r50_context_scheduled",
      "candidate_id": "d2_deeponet",
      "seed": 0,
      "status": "completed",
      "output_dir": "/home/bluster/projectA/thermal-world-model/results/phase3_5/ms2d_order/ms2o_d2_deeponet_s0",
      "checkpoint_sha256": "8124dcaf89d010423459efb94d39ccaa70b3663fbeceab727143520c999f2247",
      "best_epoch": 299,
      "validation_clean_effect_nmae": 0.041124433279037476,
      "test_accessed": false
    },
    {
      "regime_id": "third_order_r50_context_scheduled",
      "candidate_id": "d2_deeponet",
      "seed": 1,
      "status": "completed",
      "output_dir": "/home/bluster/projectA/thermal-world-model/results/phase3_5/ms2d_order/ms2o_d2_deeponet_s1",
      "checkpoint_sha256": "d25f21b7be413a86586d30fd9a125d0858e814137eb2e912c3cf7f4734989b9e",
      "best_epoch": 294,
      "validation_clean_effect_nmae": 0.03436100482940674,
      "test_accessed": false
    },
    {
      "regime_id": "third_order_r50_context_scheduled",
      "candidate_id": "d2_deeponet",
      "seed": 2,
      "status": "completed",
      "output_dir": "/home/bluster/projectA/thermal-world-model/results/phase3_5/ms2d_order/ms2o_d2_deeponet_s2",
      "checkpoint_sha256": "8078bace9cdee8e820b36c39f2826665109c0b15ae55f0e248a6c7b3a8ceb52e",
      "best_epoch": 207,
      "validation_clean_effect_nmae": 0.05020986497402191,
      "test_accessed": false
    }
  ]
}
