[Q32-T] F0 state=wet row=25000
[Q32-T] F0 state=wet row=28996
[Q32-T] F0 state=wet row=29497
[Q32-T] F0 state=wet row=29999
[Q32-T] F0 state=dry row=25011
[Q32-T] F0 state=dry row=26332
[Q32-T] F0 state=dry row=27497
[Q32-T] F0 state=dry row=28662
[Q32-T] F1 state=wet row=37108
[Q32-T] F1 state=wet row=38071
[Q32-T] F1 state=wet row=39035
[Q32-T] F1 state=wet row=39999
[Q32-T] F1 state=dry row=35000
[Q32-T] F1 state=dry row=35702
[Q32-T] F1 state=dry row=36404
[Q32-T] F1 state=dry row=37107
{
  "summary": "/home/bluster/.hermes/workspace/adhoc2_lumped_enthalpy/out/qnav_boundary_attribution_probe/summary_development.json",
  "points": 16
}
