{
  "status": "matrix_completed",
  "run_count": 21,
  "runs": [
    {
      "regime_id": "third_order_r50_context_scheduled_colored_disturbance",
      "candidate_id": "d3_g2_two_pole",
      "seed": 0,
      "status": "completed",
      "output_dir": "/home/bluster/projectA/thermal-world-model/results/phase3_5/ms2d_disturbance/ms2d3_d3_g2_two_pole_s0",
      "checkpoint_sha256": "6e218913654bd29b3dff961a9671bdd4ef43c61af07b75fe767a74d4869750cb",
      "best_epoch": 179,
      "validation_clean_effect_nmae": 0.07272224873304367,
      "validation_trajectory_design_sha256": "23f19c26bd06c41256ea211346c180e4531e1c6e421ce1cb39467db67ecfa81e",
      "test_accessed": false
    },
    {
      "regime_id": "third_order_r50_context_scheduled_colored_disturbance",
      "candidate_id": "d3_g2_two_pole",
      "seed": 1,
      "status": "completed",
      "output_dir": "/home/bluster/projectA/thermal-world-model/results/phase3_5/ms2d_disturbance/ms2d3_d3_g2_two_pole_s1",
      "checkpoint_sha256": "39cb76858473046a68aaa163c0fc8a294cbe57672e18e69bf3805136d7d4da10",
      "best_epoch": 242,
      "validation_clean_effect_nmae": 0.0735415443778038,
      "validation_trajectory_design_sha256": "96012c9e788a44d0fb139ad002618c933cdd26dcd05108e83aa05aa3b290e762",
      "test_accessed": false
    },
    {
      "regime_id": "third_order_r50_context_scheduled_colored_disturbance",
      "candidate_id": "d3_g2_two_pole",
      "seed": 2,
      "status": "completed",
      "output_dir": "/home/bluster/projectA/thermal-world-model/results/phase3_5/ms2d_disturbance/ms2d3_d3_g2_two_pole_s2",
      "checkpoint_sha256": "65a2dc02fe95b300ae9acf9d66205c26a960a9b32a7de2eec49e9e457f970b78",
      "best_epoch": 281,
      "validation_clean_effect_nmae": 0.06782372295856476,
      "validation_trajectory_design_sha256": "0fe1efd55ddd3dc033719662f7e470e2a4f1f1dc1a7ddb69839924a74083b438",
      "test_accessed": false
    },
    {
      "regime_id": "third_order_r50_context_scheduled_colored_disturbance",
      "candidate_id": "d3_g3_three_pole",
      "seed": 0,
      "status": "completed",
      "output_dir": "/home/bluster/projectA/thermal-world-model/results/phase3_5/ms2d_disturbance/ms2d3_d3_g3_three_pole_s0",
      "checkpoint_sha256": "901dd1ea67c68c1535e40dde79add1266497cfb034f559b0c0959cfde235e47a",
      "best_epoch": 179,
      "validation_clean_effect_nmae": 0.06170234829187393,
      "validation_trajectory_design_sha256": "23f19c26bd06c41256ea211346c180e4531e1c6e421ce1cb39467db67ecfa81e",
      "test_accessed": false
    },
    {
      "regime_id": "third_order_r50_context_scheduled_colored_disturbance",
      "candidate_id": "d3_g3_three_pole",
      "seed": 1,
      "status": "completed",
      "output_dir": "/home/bluster/projectA/thermal-world-model/results/phase3_5/ms2d_disturbance/ms2d3_d3_g3_three_pole_s1",
      "checkpoint_sha256": "d6b8ee956a2fefa21fcaa0c1fffd725afb6f0a186de29329adc70ebcfe2f8bed",
      "best_epoch": 233,
      "validation_clean_effect_nmae": 0.06334404647350311,
      "validation_trajectory_design_sha256": "96012c9e788a44d0fb139ad002618c933cdd26dcd05108e83aa05aa3b290e762",
      "test_accessed": false
    },
    {
      "regime_id": "third_order_r50_context_scheduled_colored_disturbance",
      "candidate_id": "d3_g3_three_pole",
      "seed": 2,
      "status": "completed",
      "output_dir": "/home/bluster/projectA/thermal-world-model/results/phase3_5/ms2d_disturbance/ms2d3_d3_g3_three_pole_s2",
      "checkpoint_sha256": "ca5ce376a993134f3c0ab82dc3394c318a6b51b797b8d712e87f670c900a0ead",
      "best_epoch": 235,
      "validation_clean_effect_nmae": 0.05577530339360237,
      "validation_trajectory_design_sha256": "0fe1efd55ddd3dc033719662f7e470e2a4f1f1dc1a7ddb69839924a74083b438",
      "test_accessed": false
    },
    {
      "regime_id": "third_order_r50_context_scheduled_colored_disturbance",
      "candidate_id": "d3_g3_oracle_structure",
      "seed": 0,
      "status": "completed",
      "output_dir": "/home/bluster/projectA/thermal-world-model/results/phase3_5/ms2d_disturbance/ms2d3_d3_g3_oracle_structure_s0",
      "checkpoint_sha256": "b9a244491c1f9e4e58d70243df8ddde863a076cb786f9e2b56b74569b9ebf719",
      "best_epoch": 68,
      "validation_clean_effect_nmae": 0.04460025206208229,
      "validation_trajectory_design_sha256": "23f19c26bd06c41256ea211346c180e4531e1c6e421ce1cb39467db67ecfa81e",
      "test_accessed": false
    },
    {
      "regime_id": "third_order_r50_context_scheduled_colored_disturbance",
      "candidate_id": "d3_g3_oracle_structure",
      "seed": 1,
      "status": "completed",
      "output_dir": "/home/bluster/projectA/thermal-world-model/results/phase3_5/ms2d_disturbance/ms2d3_d3_g3_oracle_structure_s1",
      "checkpoint_sha256": "fe791ebd0b4dc21c10fac2969068be13cf5ffd799b5633df3a12cc09aa478fee",
      "best_epoch": 233,
      "validation_clean_effect_nmae": 0.035749420523643494,
      "validation_trajectory_design_sha256": "96012c9e788a44d0fb139ad002618c933cdd26dcd05108e83aa05aa3b290e762",
      "test_accessed": false
    },
    {
      "regime_id": "third_order_r50_context_scheduled_colored_disturbance",
      "candidate_id": "d3_g3_oracle_structure",
      "seed": 2,
      "status": "completed",
      "output_dir": "/home/bluster/projectA/thermal-world-model/results/phase3_5/ms2d_disturbance/ms2d3_d3_g3_oracle_structure_s2",
      "checkpoint_sha256": "8dbe88660544ee6edfef8839d1adf85049aea1e764f4ce39b496a39a3b2d7a0c",
      "best_epoch": 170,
      "validation_clean_effect_nmae": 0.03965712711215019,
      "validation_trajectory_design_sha256": "0fe1efd55ddd3dc033719662f7e470e2a4f1f1dc1a7ddb69839924a74083b438",
      "test_accessed": false
    },
    {
      "regime_id": "third_order_r50_context_scheduled_colored_disturbance",
      "candidate_id": "d3_g2_delay_compensation",
      "seed": 0,
      "status": "completed",
      "output_dir": "/home/bluster/projectA/thermal-world-model/results/phase3_5/ms2d_disturbance/ms2d3_d3_g2_delay_compensation_s0",
      "checkpoint_sha256": "f02a02730dad2c2b4a24119cf14e9d99f81a19a6609c1ad397e3ca4c26fd0c74",
      "best_epoch": 179,
      "validation_clean_effect_nmae": 0.06317166239023209,
      "validation_trajectory_design_sha256": "23f19c26bd06c41256ea211346c180e4531e1c6e421ce1cb39467db67ecfa81e",
      "test_accessed": false
    },
    {
      "regime_id": "third_order_r50_context_scheduled_colored_disturbance",
      "candidate_id": "d3_g2_delay_compensation",
      "seed": 1,
      "status": "completed",
      "output_dir": "/home/bluster/projectA/thermal-world-model/results/phase3_5/ms2d_disturbance/ms2d3_d3_g2_delay_compensation_s1",
      "checkpoint_sha256": "8f66dae24a283ead62f3b114e190268ba3fcd0f5a7873033ec54c2bc6218c51f",
      "best_epoch": 282,
      "validation_clean_effect_nmae": 0.06578833609819412,
      "validation_trajectory_design_sha256": "96012c9e788a44d0fb139ad002618c933cdd26dcd05108e83aa05aa3b290e762",
      "test_accessed": false
    },
    {
      "regime_id": "third_order_r50_context_scheduled_colored_disturbance",
      "candidate_id": "d3_g2_delay_compensation",
      "seed": 2,
      "status": "completed",
      "output_dir": "/home/bluster/projectA/thermal-world-model/results/phase3_5/ms2d_disturbance/ms2d3_d3_g2_delay_compensation_s2",
      "checkpoint_sha256": "bccde49eadbaa7c02978a1e7223f484e76ca322554d93e3aa9b46598deabdaa6",
      "best_epoch": 244,
      "validation_clean_effect_nmae": 0.058190301060676575,
      "validation_trajectory_design_sha256": "0fe1efd55ddd3dc033719662f7e470e2a4f1f1dc1a7ddb69839924a74083b438",
      "test_accessed": false
    },
    {
      "regime_id": "third_order_r50_context_scheduled_colored_disturbance",
      "candidate_id": "d3_k4_monotone",
      "seed": 0,
      "status": "completed",
      "output_dir": "/home/bluster/projectA/thermal-world-model/results/phase3_5/ms2d_disturbance/ms2d3_d3_k4_monotone_s0",
      "checkpoint_sha256": "aecf65eb72e14a90d9bdd5a755927c5a7c756fe9a4dbda731b60984155bbc5e5",
      "best_epoch": 298,
      "validation_clean_effect_nmae": 0.2599445581436157,
      "validation_trajectory_design_sha256": "23f19c26bd06c41256ea211346c180e4531e1c6e421ce1cb39467db67ecfa81e",
      "test_accessed": false
    },
    {
      "regime_id": "third_order_r50_context_scheduled_colored_disturbance",
      "candidate_id": "d3_k4_monotone",
      "seed": 1,
      "status": "completed",
      "output_dir": "/home/bluster/projectA/thermal-world-model/results/phase3_5/ms2d_disturbance/ms2d3_d3_k4_monotone_s1",
      "checkpoint_sha256": "bd7009f4b98ad146a7602b9e4b515e5b099d8b85925d83bd794e6b91bc01215a",
      "best_epoch": 283,
      "validation_clean_effect_nmae": 0.2608141303062439,
      "validation_trajectory_design_sha256": "96012c9e788a44d0fb139ad002618c933cdd26dcd05108e83aa05aa3b290e762",
      "test_accessed": false
    },
    {
      "regime_id": "third_order_r50_context_scheduled_colored_disturbance",
      "candidate_id": "d3_k4_monotone",
      "seed": 2,
      "status": "completed",
      "output_dir": "/home/bluster/projectA/thermal-world-model/results/phase3_5/ms2d_disturbance/ms2d3_d3_k4_monotone_s2",
      "checkpoint_sha256": "1c3c738b5b0592194f4b42df92f721a5df749ba433124e145e92820c947628e4",
      "best_epoch": 300,
      "validation_clean_effect_nmae": 0.2513488829135895,
      "validation_trajectory_design_sha256": "0fe1efd55ddd3dc033719662f7e470e2a4f1f1dc1a7ddb69839924a74083b438",
      "test_accessed": false
    },
    {
      "regime_id": "third_order_r50_context_scheduled_colored_disturbance",
      "candidate_id": "d3_pi_monotone",
      "seed": 0,
      "status": "completed",
      "output_dir": "/home/bluster/projectA/thermal-world-model/results/phase3_5/ms2d_disturbance/ms2d3_d3_pi_monotone_s0",
      "checkpoint_sha256": "b775845f97f3399a63a1afab1f526341d0b511d10850e9fdbfc640bf26cd2e7b",
      "best_epoch": 211,
      "validation_clean_effect_nmae": 0.10663695633411407,
      "validation_trajectory_design_sha256": "23f19c26bd06c41256ea211346c180e4531e1c6e421ce1cb39467db67ecfa81e",
      "test_accessed": false
    },
    {
      "regime_id": "third_order_r50_context_scheduled_colored_disturbance",
      "candidate_id": "d3_pi_monotone",
      "seed": 1,
      "status": "completed",
      "output_dir": "/home/bluster/projectA/thermal-world-model/results/phase3_5/ms2d_disturbance/ms2d3_d3_pi_monotone_s1",
      "checkpoint_sha256": "8455e46e8e26fc0ca54445154f292103531ae7ad78ecb9e2f09abfd3e1a5ccc9",
      "best_epoch": 103,
      "validation_clean_effect_nmae": 0.11084108054637909,
      "validation_trajectory_design_sha256": "96012c9e788a44d0fb139ad002618c933cdd26dcd05108e83aa05aa3b290e762",
      "test_accessed": false
    },
    {
      "regime_id": "third_order_r50_context_scheduled_colored_disturbance",
      "candidate_id": "d3_pi_monotone",
      "seed": 2,
      "status": "completed",
      "output_dir": "/home/bluster/projectA/thermal-world-model/results/phase3_5/ms2d_disturbance/ms2d3_d3_pi_monotone_s2",
      "checkpoint_sha256": "e7f036a74bd25fbf60485c6fece45d2db910a86dace25c7da4c4757e4bc61c19",
      "best_epoch": 160,
      "validation_clean_effect_nmae": 0.10762494057416916,
      "validation_trajectory_design_sha256": "0fe1efd55ddd3dc033719662f7e470e2a4f1f1dc1a7ddb69839924a74083b438",
      "test_accessed": false
    },
    {
      "regime_id": "third_order_r50_context_scheduled_colored_disturbance",
      "candidate_id": "d3_deeponet",
      "seed": 0,
      "status": "completed",
      "output_dir": "/home/bluster/projectA/thermal-world-model/results/phase3_5/ms2d_disturbance/ms2d3_d3_deeponet_s0",
      "checkpoint_sha256": "173926196e718a287639a1af963dc98bd189b391fa372bf3005d0b5b5f2e56fb",
      "best_epoch": 122,
      "validation_clean_effect_nmae": 0.0873912051320076,
      "validation_trajectory_design_sha256": "23f19c26bd06c41256ea211346c180e4531e1c6e421ce1cb39467db67ecfa81e",
      "test_accessed": false
    },
    {
      "regime_id": "third_order_r50_context_scheduled_colored_disturbance",
      "candidate_id": "d3_deeponet",
      "seed": 1,
      "status": "completed",
      "output_dir": "/home/bluster/projectA/thermal-world-model/results/phase3_5/ms2d_disturbance/ms2d3_d3_deeponet_s1",
      "checkpoint_sha256": "e5b1271fc0cd392379f8c5da9509f0e4acb93c40f23b91d5831e9bcdf6cf13ea",
      "best_epoch": 117,
      "validation_clean_effect_nmae": 0.08872345089912415,
      "validation_trajectory_design_sha256": "96012c9e788a44d0fb139ad002618c933cdd26dcd05108e83aa05aa3b290e762",
      "test_accessed": false
    },
    {
      "regime_id": "third_order_r50_context_scheduled_colored_disturbance",
      "candidate_id": "d3_deeponet",
      "seed": 2,
      "status": "completed",
      "output_dir": "/home/bluster/projectA/thermal-world-model/results/phase3_5/ms2d_disturbance/ms2d3_d3_deeponet_s2",
      "checkpoint_sha256": "c835da7eeea261dcb26f3dcf6115567772a4ff43334d61033b847adbcd5f5155",
      "best_epoch": 84,
      "validation_clean_effect_nmae": 0.09196403622627258,
      "validation_trajectory_design_sha256": "0fe1efd55ddd3dc033719662f7e470e2a4f1f1dc1a7ddb69839924a74083b438",
      "test_accessed": false
    }
  ]
}
