[1/21] D3 candidate=d3_g2_two_pole seed=0
[2/21] D3 candidate=d3_g2_two_pole seed=1
[3/21] D3 candidate=d3_g2_two_pole seed=2
[4/21] D3 candidate=d3_g3_three_pole seed=0
[5/21] D3 candidate=d3_g3_three_pole seed=1
[6/21] D3 candidate=d3_g3_three_pole seed=2
[7/21] D3 candidate=d3_g3_oracle_structure seed=0
[8/21] D3 candidate=d3_g3_oracle_structure seed=1
[9/21] D3 candidate=d3_g3_oracle_structure seed=2
[10/21] D3 candidate=d3_g2_delay_compensation seed=0
[11/21] D3 candidate=d3_g2_delay_compensation seed=1
[12/21] D3 candidate=d3_g2_delay_compensation seed=2
[13/21] D3 candidate=d3_k4_monotone seed=0
[14/21] D3 candidate=d3_k4_monotone seed=1
[15/21] D3 candidate=d3_k4_monotone seed=2
[16/21] D3 candidate=d3_pi_monotone seed=0
[17/21] D3 candidate=d3_pi_monotone seed=1
[18/21] D3 candidate=d3_pi_monotone seed=2
[19/21] D3 candidate=d3_deeponet seed=0
[20/21] D3 candidate=d3_deeponet seed=1
[21/21] D3 candidate=d3_deeponet seed=2
