W0823 01:00:19.436000 1621864 site-packages/torch/_dynamo/variables/tensor.py:1379] [0/0] Graph break from `Tensor.item()`, consider setting:
W0823 01:00:19.436000 1621864 site-packages/torch/_dynamo/variables/tensor.py:1379] [0/0]     torch._dynamo.config.capture_scalar_outputs = True
W0823 01:00:19.436000 1621864 site-packages/torch/_dynamo/variables/tensor.py:1379] [0/0] or:
W0823 01:00:19.436000 1621864 site-packages/torch/_dynamo/variables/tensor.py:1379] [0/0]     env TORCHDYNAMO_CAPTURE_SCALAR_OUTPUTS=1
W0823 01:00:19.436000 1621864 site-packages/torch/_dynamo/variables/tensor.py:1379] [0/0] to include these operations in the captured graph.
W0823 01:00:19.436000 1621864 site-packages/torch/_dynamo/variables/tensor.py:1379] [0/0] 
W0823 01:00:19.436000 1621864 site-packages/torch/_dynamo/variables/tensor.py:1379] [0/0] Graph break: from user code at:
W0823 01:00:19.436000 1621864 site-packages/torch/_dynamo/variables/tensor.py:1379] [0/0]   File "/home/bluster/projectA/thermal-world-model/src/final_wm/transition.py", line 428, in _substep
W0823 01:00:19.436000 1621864 site-packages/torch/_dynamo/variables/tensor.py:1379] [0/0]     ts = self.properties.temperature_of_ph(p_stack, h)
W0823 01:00:19.436000 1621864 site-packages/torch/_dynamo/variables/tensor.py:1379] [0/0]   File "/home/bluster/projectA/thermal-world-model/src/final_wm/properties.py", line 193, in temperature_of_ph
W0823 01:00:19.436000 1621864 site-packages/torch/_dynamo/variables/tensor.py:1379] [0/0]     b = self.bounds
W0823 01:00:19.436000 1621864 site-packages/torch/_dynamo/variables/tensor.py:1379] [0/0]   File "/home/bluster/projectA/thermal-world-model/src/final_wm/properties.py", line 187, in bounds
W0823 01:00:19.436000 1621864 site-packages/torch/_dynamo/variables/tensor.py:1379] [0/0]     p_lo=float(self._p[0]), p_hi=float(self._p[-1]),
W0823 01:00:19.436000 1621864 site-packages/torch/_dynamo/variables/tensor.py:1379] [0/0] 
W0823 01:00:19.436000 1621864 site-packages/torch/_dynamo/variables/tensor.py:1379] [0/0] 
/home/bluster/anaconda3/envs/Alloftime/lib/python3.11/site-packages/torch/_dynamo/variables/functions.py:2082: UserWarning: Dynamo does not know how to trace the builtin `<unknown module>.Tensor.clamp.` This function is either a Python builtin (e.g. _warnings.warn) or a third-party C/C++ Python extension (perhaps created with pybind).
If it is a Python builtin, please file an issue on GitHub so the PyTorch team can add support for it and see the next case for a workaround.
If it is a third-party C/C++ Python extension, please either wrap it into a PyTorch-understood custom operator (see https://pytorch.org/tutorials/advanced/custom_ops_landing_page.html for more details) or, if it is traceable, use `torch.compiler.allow_in_graph`.
  torch._dynamo.utils.warn_once(explanation + "\n" + "\n".join(hints))
W0823 01:00:21.703000 1621864 site-packages/torch/_dynamo/convert_frame.py:1743] [13/8] torch._dynamo hit config.recompile_limit (8)
W0823 01:00:21.703000 1621864 site-packages/torch/_dynamo/convert_frame.py:1743] [13/8]    function: 'torch_dynamo_resume_in_saturation_temperature_at_205' (/home/bluster/projectA/thermal-world-model/src/final_wm/properties.py:205)
W0823 01:00:21.703000 1621864 site-packages/torch/_dynamo/convert_frame.py:1743] [13/8]    last reason: 13/0: Cache line invalidated because L['___stack2'] got deallocated
W0823 01:00:21.703000 1621864 site-packages/torch/_dynamo/convert_frame.py:1743] [13/8] To log all recompilation reasons, use TORCH_LOGS="recompiles".
W0823 01:00:21.703000 1621864 site-packages/torch/_dynamo/convert_frame.py:1743] [13/8] To diagnose recompilation issues, see https://docs.pytorch.org/docs/main/user_guide/torch_compiler/compile/programming_model.recompilation.html
W0823 01:00:22.006000 1621864 site-packages/torch/_dynamo/convert_frame.py:1743] [4/8] torch._dynamo hit config.recompile_limit (8)
W0823 01:00:22.006000 1621864 site-packages/torch/_dynamo/convert_frame.py:1743] [4/8]    function: 'torch_dynamo_resume_in_interp2d_at_110' (/home/bluster/projectA/thermal-world-model/src/final_wm/properties.py:110)
W0823 01:00:22.006000 1621864 site-packages/torch/_dynamo/convert_frame.py:1743] [4/8]    last reason: 4/0: Cache line invalidated because L['___stack0'] got deallocated
W0823 01:00:22.006000 1621864 site-packages/torch/_dynamo/convert_frame.py:1743] [4/8] To log all recompilation reasons, use TORCH_LOGS="recompiles".
W0823 01:00:22.006000 1621864 site-packages/torch/_dynamo/convert_frame.py:1743] [4/8] To diagnose recompilation issues, see https://docs.pytorch.org/docs/main/user_guide/torch_compiler/compile/programming_model.recompilation.html
/home/bluster/projectA/thermal-world-model/src/final_wm/training.py:192: UserWarning: Converting a tensor with requires_grad=True to a scalar may lead to unexpected behavior.
Consider using tensor.detach() first. (Triggered internally at /pytorch/torch/csrc/autograd/generated/python_variable_methods.cpp:836.)
  train_loss += float(loss)
[t1] physics_only seed=0 best_val=1.260 eval={'H1': {'nll': 1.0877366065979004, 'mae': 1.1052688360214233, 'crps': 1.1141297817230225}, 'H6': {'nll': 1.1299026012420654, 'mae': 1.5216389894485474, 'crps': 1.2395883798599243}, 'H18': {'nll': 1.4150930643081665, 'mae': 2.2358007431030273, 'crps': 1.6816329956054688}}
[t1] physics_only seed=1 best_val=1.290 eval={'H1': {'nll': 1.1027898788452148, 'mae': 1.0904794931411743, 'crps': 1.1112841367721558}, 'H6': {'nll': 1.1794975996017456, 'mae': 1.5428862571716309, 'crps': 1.2646888494491577}, 'H18': {'nll': 1.5218876600265503, 'mae': 2.344555377960205, 'crps': 1.7787394523620605}}
[t1] physics_only seed=2 best_val=1.260 eval={'H1': {'nll': 1.054760217666626, 'mae': 1.1005990505218506, 'crps': 1.1051996946334839}, 'H6': {'nll': 1.1149300336837769, 'mae': 1.5131865739822388, 'crps': 1.2266764640808105}, 'H18': {'nll': 1.406443476676941, 'mae': 2.161414384841919, 'crps': 1.623264193534851}}
[matrix] summary written: artifacts/final_wm/matrix_summary_sideA.json
