=== V04 CHAIN START 2026-08-22 16:18:22 HEAD=e95bb88 ===
=== STEP1 t1 closure_cons_norew x3 2026-08-22 16:18:22 ===
W0822 16:18:24.560000 1165523 site-packages/torch/_dynamo/variables/tensor.py:1379] [0/0] Graph break from `Tensor.item()`, consider setting:
W0822 16:18:24.560000 1165523 site-packages/torch/_dynamo/variables/tensor.py:1379] [0/0]     torch._dynamo.config.capture_scalar_outputs = True
W0822 16:18:24.560000 1165523 site-packages/torch/_dynamo/variables/tensor.py:1379] [0/0] or:
W0822 16:18:24.560000 1165523 site-packages/torch/_dynamo/variables/tensor.py:1379] [0/0]     env TORCHDYNAMO_CAPTURE_SCALAR_OUTPUTS=1
W0822 16:18:24.560000 1165523 site-packages/torch/_dynamo/variables/tensor.py:1379] [0/0] to include these operations in the captured graph.
W0822 16:18:24.560000 1165523 site-packages/torch/_dynamo/variables/tensor.py:1379] [0/0] 
W0822 16:18:24.560000 1165523 site-packages/torch/_dynamo/variables/tensor.py:1379] [0/0] Graph break: from user code at:
W0822 16:18:24.560000 1165523 site-packages/torch/_dynamo/variables/tensor.py:1379] [0/0]   File "/home/bluster/projectA/thermal-world-model/src/final_wm/transition.py", line 428, in _substep
W0822 16:18:24.560000 1165523 site-packages/torch/_dynamo/variables/tensor.py:1379] [0/0]     ts = self.properties.temperature_of_ph(p_stack, h)
W0822 16:18:24.560000 1165523 site-packages/torch/_dynamo/variables/tensor.py:1379] [0/0]   File "/home/bluster/projectA/thermal-world-model/src/final_wm/properties.py", line 193, in temperature_of_ph
W0822 16:18:24.560000 1165523 site-packages/torch/_dynamo/variables/tensor.py:1379] [0/0]     b = self.bounds
W0822 16:18:24.560000 1165523 site-packages/torch/_dynamo/variables/tensor.py:1379] [0/0]   File "/home/bluster/projectA/thermal-world-model/src/final_wm/properties.py", line 187, in bounds
W0822 16:18:24.560000 1165523 site-packages/torch/_dynamo/variables/tensor.py:1379] [0/0]     p_lo=float(self._p[0]), p_hi=float(self._p[-1]),
W0822 16:18:24.560000 1165523 site-packages/torch/_dynamo/variables/tensor.py:1379] [0/0] 
W0822 16:18:24.560000 1165523 site-packages/torch/_dynamo/variables/tensor.py:1379] [0/0] 
/home/bluster/anaconda3/envs/Alloftime/lib/python3.11/site-packages/torch/_dynamo/variables/functions.py:2082: UserWarning: Dynamo does not know how to trace the builtin `<unknown module>.Tensor.clamp.` This function is either a Python builtin (e.g. _warnings.warn) or a third-party C/C++ Python extension (perhaps created with pybind).
If it is a Python builtin, please file an issue on GitHub so the PyTorch team can add support for it and see the next case for a workaround.
If it is a third-party C/C++ Python extension, please either wrap it into a PyTorch-understood custom operator (see https://pytorch.org/tutorials/advanced/custom_ops_landing_page.html for more details) or, if it is traceable, use `torch.compiler.allow_in_graph`.
  torch._dynamo.utils.warn_once(explanation + "\n" + "\n".join(hints))
W0822 16:18:27.396000 1165523 site-packages/torch/_dynamo/convert_frame.py:1743] [13/8] torch._dynamo hit config.recompile_limit (8)
W0822 16:18:27.396000 1165523 site-packages/torch/_dynamo/convert_frame.py:1743] [13/8]    function: 'torch_dynamo_resume_in_saturation_temperature_at_205' (/home/bluster/projectA/thermal-world-model/src/final_wm/properties.py:205)
W0822 16:18:27.396000 1165523 site-packages/torch/_dynamo/convert_frame.py:1743] [13/8]    last reason: 13/0: Cache line invalidated because L['___stack2'] got deallocated
W0822 16:18:27.396000 1165523 site-packages/torch/_dynamo/convert_frame.py:1743] [13/8] To log all recompilation reasons, use TORCH_LOGS="recompiles".
W0822 16:18:27.396000 1165523 site-packages/torch/_dynamo/convert_frame.py:1743] [13/8] To diagnose recompilation issues, see https://docs.pytorch.org/docs/main/user_guide/torch_compiler/compile/programming_model.recompilation.html
W0822 16:18:27.695000 1165523 site-packages/torch/_dynamo/convert_frame.py:1743] [4/8] torch._dynamo hit config.recompile_limit (8)
W0822 16:18:27.695000 1165523 site-packages/torch/_dynamo/convert_frame.py:1743] [4/8]    function: 'torch_dynamo_resume_in_interp2d_at_110' (/home/bluster/projectA/thermal-world-model/src/final_wm/properties.py:110)
W0822 16:18:27.695000 1165523 site-packages/torch/_dynamo/convert_frame.py:1743] [4/8]    last reason: 4/0: Cache line invalidated because L['___stack0'] got deallocated
W0822 16:18:27.695000 1165523 site-packages/torch/_dynamo/convert_frame.py:1743] [4/8] To log all recompilation reasons, use TORCH_LOGS="recompiles".
W0822 16:18:27.695000 1165523 site-packages/torch/_dynamo/convert_frame.py:1743] [4/8] To diagnose recompilation issues, see https://docs.pytorch.org/docs/main/user_guide/torch_compiler/compile/programming_model.recompilation.html
/home/bluster/projectA/thermal-world-model/src/final_wm/training.py:192: UserWarning: Converting a tensor with requires_grad=True to a scalar may lead to unexpected behavior.
Consider using tensor.detach() first. (Triggered internally at /pytorch/torch/csrc/autograd/generated/python_variable_methods.cpp:836.)
  train_loss += float(loss)
[t1] closure_cons_norew seed=0 best_val=1.536 eval={'H1': {'nll': 1.332858681678772, 'mae': 1.3778488636016846, 'crps': 1.2414686679840088}, 'H6': {'nll': 1.3744868040084839, 'mae': 1.9042547941207886, 'crps': 1.4764736890792847}, 'H18': {'nll': 1.6419334411621094, 'mae': 2.502415657043457, 'crps': 1.8692398071289062}}
[t1] closure_cons_norew seed=1 best_val=1.240 eval={'H1': {'nll': 1.1889801025390625, 'mae': 1.2149614095687866, 'crps': 1.121915578842163}, 'H6': {'nll': 1.1435199975967407, 'mae': 1.5926836729049683, 'crps': 1.2700800895690918}, 'H18': {'nll': 1.438820719718933, 'mae': 2.0643773078918457, 'crps': 1.5753493309020996}}
[t1] closure_cons_norew seed=2 best_val=1.272 eval={'H1': {'nll': 1.1993579864501953, 'mae': 1.2383934259414673, 'crps': 1.173748254776001}, 'H6': {'nll': 1.1797960996627808, 'mae': 1.6517270803451538, 'crps': 1.3095676898956299}, 'H18': {'nll': 1.437273621559143, 'mae': 2.153095245361328, 'crps': 1.6243451833724976}}
[matrix] summary written: artifacts/final_wm/matrix_summary_sideA.json
=== STEP2 r1 gate on norew stack 2026-08-22 20:19:21 ===
[matrix] summary written: artifacts/final_wm/matrix_summary_sideA.json
=== STEP3 leakdist norew x3 2026-08-22 20:19:45 ===
[leakdist] written: artifacts/final_wm/leakdist_closure_cons_norew_seed0.json
[leakdist] written: artifacts/final_wm/leakdist_closure_cons_norew_seed1.json
[leakdist] written: artifacts/final_wm/leakdist_closure_cons_norew_seed2.json
=== STEP4 auditpack norew seed0 2026-08-22 20:19:54 ===
[auditpack] written: artifacts/final_wm/auditpack_A_closure_cons_norew.json
=== V04_FULL_TIER_DONE 2026-08-22 20:20:15 ===
