START t1_physics_only_seed0
PREDICTION_OK t1_physics_only_seed0 1.7490029335021973
t1_physics_only_seed0 valve1_H18 delta=0.015570555813610554 unsupported=18
t1_physics_only_seed0 valve1_H60 delta=-0.002398062963038683 unsupported=120
t1_physics_only_seed0 valve2_H18 delta=0.05982893332839012 unsupported=18
t1_physics_only_seed0 valve2_H60 delta=0.006345596630126238 unsupported=120
START t1_closure_cons_seed0
PREDICTION_OK t1_closure_cons_seed0 1.6560624837875366
t1_closure_cons_seed0 valve1_H18 delta=-0.10143470019102097 unsupported=18
t1_closure_cons_seed0 valve1_H60 delta=-0.09433306753635406 unsupported=120
t1_closure_cons_seed0 valve2_H18 delta=-0.028203653171658516 unsupported=18
t1_closure_cons_seed0 valve2_H60 delta=0.006344730965793133 unsupported=120
START t1_closure_cons_norew_seed0
PREDICTION_OK t1_closure_cons_norew_seed0 1.9397544860839844
t1_closure_cons_norew_seed0 valve1_H18 delta=-0.09201181679964066 unsupported=18
t1_closure_cons_norew_seed0 valve1_H60 delta=-0.2718343138694763 unsupported=120
t1_closure_cons_norew_seed0 valve2_H18 delta=-0.06312797963619232 unsupported=18
t1_closure_cons_norew_seed0 valve2_H60 delta=-0.11426206678152084 unsupported=120
START t1_physics_only_seed1
PREDICTION_OK t1_physics_only_seed1 1.7425732612609863
t1_physics_only_seed1 valve1_H18 delta=0.01075984351336956 unsupported=90
t1_physics_only_seed1 valve1_H60 delta=-0.0013542926171794534 unsupported=0
t1_physics_only_seed1 valve2_H18 delta=0.06175636500120163 unsupported=36
t1_physics_only_seed1 valve2_H60 delta=0.001423790236003697 unsupported=180
START t1_closure_cons_seed1
PREDICTION_OK t1_closure_cons_seed1 1.565674066543579
t1_closure_cons_seed1 valve1_H18 delta=-0.047957781702280045 unsupported=90
t1_closure_cons_seed1 valve1_H60 delta=-0.11277291178703308 unsupported=0
t1_closure_cons_seed1 valve2_H18 delta=-0.05484091490507126 unsupported=36
t1_closure_cons_seed1 valve2_H60 delta=-0.16193494200706482 unsupported=180
START t1_closure_cons_norew_seed1
PREDICTION_OK t1_closure_cons_norew_seed1 1.937279224395752
t1_closure_cons_norew_seed1 valve1_H18 delta=-0.08442198485136032 unsupported=90
t1_closure_cons_norew_seed1 valve1_H60 delta=-0.24236734211444855 unsupported=0
t1_closure_cons_norew_seed1 valve2_H18 delta=-0.0848064050078392 unsupported=36
t1_closure_cons_norew_seed1 valve2_H60 delta=-0.16089197993278503 unsupported=180
START t1_physics_only_seed2
PREDICTION_OK t1_physics_only_seed2 1.666136384010315
t1_physics_only_seed2 valve1_H18 delta=0.012776186689734459 unsupported=72
t1_physics_only_seed2 valve1_H60 delta=0.0023833378218114376 unsupported=180
t1_physics_only_seed2 valve2_H18 delta=0.057722534984350204 unsupported=90
t1_physics_only_seed2 valve2_H60 delta=-0.006827126257121563 unsupported=120
START t1_closure_cons_seed2
PREDICTION_OK t1_closure_cons_seed2 1.5862488746643066
t1_closure_cons_seed2 valve1_H18 delta=-0.05751736834645271 unsupported=72
t1_closure_cons_seed2 valve1_H60 delta=-0.05013831704854965 unsupported=180
t1_closure_cons_seed2 valve2_H18 delta=-0.025290759280323982 unsupported=90
t1_closure_cons_seed2 valve2_H60 delta=-0.04524032026529312 unsupported=120
START t1_closure_cons_norew_seed2
PREDICTION_OK t1_closure_cons_norew_seed2 1.7810546159744263
t1_closure_cons_norew_seed2 valve1_H18 delta=-0.1026458740234375 unsupported=72
t1_closure_cons_norew_seed2 valve1_H60 delta=-0.3246709704399109 unsupported=180
t1_closure_cons_norew_seed2 valve2_H18 delta=-0.07815244793891907 unsupported=90
t1_closure_cons_norew_seed2 valve2_H60 delta=-0.30472177267074585 unsupported=120
COMPLETE
