T1 specs: 15 | arms: ['closure_cons', 'closure_cons_norew', 'closure_steam', 'latent4', 'physics_only']
A t1_physics_only_seed0 exact= True mae_diff_mean=0.00e+00 max=0.00e+00 wall=3s
A t1_closure_cons_seed0 exact= True mae_diff_mean=0.00e+00 max=0.00e+00 wall=3s
A t1_closure_steam_seed0 exact= True mae_diff_mean=0.00e+00 max=0.00e+00 wall=3s
A t1_latent4_seed0 exact= True mae_diff_mean=0.00e+00 max=0.00e+00 wall=3s
A t1_closure_cons_norew_seed0 exact= True mae_diff_mean=0.00e+00 max=0.00e+00 wall=3s
A t1_physics_only_seed1 exact= True mae_diff_mean=0.00e+00 max=0.00e+00 wall=3s
A t1_closure_cons_seed1 exact= True mae_diff_mean=0.00e+00 max=0.00e+00 wall=3s
A t1_closure_steam_seed1 exact= True mae_diff_mean=0.00e+00 max=0.00e+00 wall=3s
A t1_latent4_seed1 exact= True mae_diff_mean=0.00e+00 max=0.00e+00 wall=3s
A t1_closure_cons_norew_seed1 exact= True mae_diff_mean=0.00e+00 max=0.00e+00 wall=3s
A t1_physics_only_seed2 exact= True mae_diff_mean=0.00e+00 max=0.00e+00 wall=3s
A t1_closure_cons_seed2 exact= True mae_diff_mean=0.00e+00 max=0.00e+00 wall=3s
A t1_closure_steam_seed2 exact= True mae_diff_mean=0.00e+00 max=0.00e+00 wall=3s
A t1_latent4_seed2 exact= True mae_diff_mean=0.00e+00 max=0.00e+00 wall=3s
A t1_closure_cons_norew_seed2 exact= True mae_diff_mean=0.00e+00 max=0.00e+00 wall=3s
B t1_physics_only_seed0 exact= True mae_diff_mean=0.00e+00 max=0.00e+00 wall=3s
B t1_closure_cons_seed0 exact= True mae_diff_mean=0.00e+00 max=0.00e+00 wall=3s
B t1_closure_steam_seed0 exact= True mae_diff_mean=0.00e+00 max=0.00e+00 wall=3s
B t1_latent4_seed0 exact= True mae_diff_mean=0.00e+00 max=0.00e+00 wall=3s
B t1_closure_cons_norew_seed0 exact= True mae_diff_mean=0.00e+00 max=0.00e+00 wall=3s
B t1_physics_only_seed1 exact= True mae_diff_mean=0.00e+00 max=0.00e+00 wall=3s
B t1_closure_cons_seed1 exact= True mae_diff_mean=0.00e+00 max=0.00e+00 wall=3s
B t1_closure_steam_seed1 exact= True mae_diff_mean=0.00e+00 max=0.00e+00 wall=3s
B t1_latent4_seed1 exact= True mae_diff_mean=0.00e+00 max=0.00e+00 wall=3s
B t1_closure_cons_norew_seed1 exact= True mae_diff_mean=0.00e+00 max=0.00e+00 wall=3s
B t1_physics_only_seed2 MISSING
B t1_closure_cons_seed2 MISSING
B t1_closure_steam_seed2 MISSING
B t1_latent4_seed2 MISSING
B t1_closure_cons_norew_seed2 MISSING
DONE -> /home/bluster/projectA/thermal-world-model/results/final_wm/norew_local_replay_20260907/replay_summary.json
