W0823 18:08:52.752000 2516870 site-packages/torch/_dynamo/variables/tensor.py:1379] [0/0] Graph break from `Tensor.item()`, consider setting:
W0823 18:08:52.752000 2516870 site-packages/torch/_dynamo/variables/tensor.py:1379] [0/0]     torch._dynamo.config.capture_scalar_outputs = True
W0823 18:08:52.752000 2516870 site-packages/torch/_dynamo/variables/tensor.py:1379] [0/0] or:
W0823 18:08:52.752000 2516870 site-packages/torch/_dynamo/variables/tensor.py:1379] [0/0]     env TORCHDYNAMO_CAPTURE_SCALAR_OUTPUTS=1
W0823 18:08:52.752000 2516870 site-packages/torch/_dynamo/variables/tensor.py:1379] [0/0] to include these operations in the captured graph.
W0823 18:08:52.752000 2516870 site-packages/torch/_dynamo/variables/tensor.py:1379] [0/0] 
W0823 18:08:52.752000 2516870 site-packages/torch/_dynamo/variables/tensor.py:1379] [0/0] Graph break: from user code at:
W0823 18:08:52.752000 2516870 site-packages/torch/_dynamo/variables/tensor.py:1379] [0/0]   File "/home/bluster/projectA/thermal-world-model/src/final_wm/transition.py", line 428, in _substep
W0823 18:08:52.752000 2516870 site-packages/torch/_dynamo/variables/tensor.py:1379] [0/0]     ts = self.properties.temperature_of_ph(p_stack, h)
W0823 18:08:52.752000 2516870 site-packages/torch/_dynamo/variables/tensor.py:1379] [0/0]   File "/home/bluster/projectA/thermal-world-model/src/final_wm/properties.py", line 193, in temperature_of_ph
W0823 18:08:52.752000 2516870 site-packages/torch/_dynamo/variables/tensor.py:1379] [0/0]     b = self.bounds
W0823 18:08:52.752000 2516870 site-packages/torch/_dynamo/variables/tensor.py:1379] [0/0]   File "/home/bluster/projectA/thermal-world-model/src/final_wm/properties.py", line 187, in bounds
W0823 18:08:52.752000 2516870 site-packages/torch/_dynamo/variables/tensor.py:1379] [0/0]     p_lo=float(self._p[0]), p_hi=float(self._p[-1]),
W0823 18:08:52.752000 2516870 site-packages/torch/_dynamo/variables/tensor.py:1379] [0/0] 
W0823 18:08:52.752000 2516870 site-packages/torch/_dynamo/variables/tensor.py:1379] [0/0] 
/home/bluster/anaconda3/envs/Alloftime/lib/python3.11/site-packages/torch/_dynamo/variables/functions.py:2082: UserWarning: Dynamo does not know how to trace the builtin `<unknown module>.Tensor.clamp.` This function is either a Python builtin (e.g. _warnings.warn) or a third-party C/C++ Python extension (perhaps created with pybind).
If it is a Python builtin, please file an issue on GitHub so the PyTorch team can add support for it and see the next case for a workaround.
If it is a third-party C/C++ Python extension, please either wrap it into a PyTorch-understood custom operator (see https://pytorch.org/tutorials/advanced/custom_ops_landing_page.html for more details) or, if it is traceable, use `torch.compiler.allow_in_graph`.
  torch._dynamo.utils.warn_once(explanation + "\n" + "\n".join(hints))
W0823 18:08:54.955000 2516870 site-packages/torch/_dynamo/convert_frame.py:1743] [13/8] torch._dynamo hit config.recompile_limit (8)
W0823 18:08:54.955000 2516870 site-packages/torch/_dynamo/convert_frame.py:1743] [13/8]    function: 'torch_dynamo_resume_in_saturation_temperature_at_205' (/home/bluster/projectA/thermal-world-model/src/final_wm/properties.py:205)
W0823 18:08:54.955000 2516870 site-packages/torch/_dynamo/convert_frame.py:1743] [13/8]    last reason: 13/0: Cache line invalidated because L['___stack2'] got deallocated
W0823 18:08:54.955000 2516870 site-packages/torch/_dynamo/convert_frame.py:1743] [13/8] To log all recompilation reasons, use TORCH_LOGS="recompiles".
W0823 18:08:54.955000 2516870 site-packages/torch/_dynamo/convert_frame.py:1743] [13/8] To diagnose recompilation issues, see https://docs.pytorch.org/docs/main/user_guide/torch_compiler/compile/programming_model.recompilation.html
W0823 18:08:55.248000 2516870 site-packages/torch/_dynamo/convert_frame.py:1743] [4/8] torch._dynamo hit config.recompile_limit (8)
W0823 18:08:55.248000 2516870 site-packages/torch/_dynamo/convert_frame.py:1743] [4/8]    function: 'torch_dynamo_resume_in_interp2d_at_110' (/home/bluster/projectA/thermal-world-model/src/final_wm/properties.py:110)
W0823 18:08:55.248000 2516870 site-packages/torch/_dynamo/convert_frame.py:1743] [4/8]    last reason: 4/0: Cache line invalidated because L['___stack0'] got deallocated
W0823 18:08:55.248000 2516870 site-packages/torch/_dynamo/convert_frame.py:1743] [4/8] To log all recompilation reasons, use TORCH_LOGS="recompiles".
W0823 18:08:55.248000 2516870 site-packages/torch/_dynamo/convert_frame.py:1743] [4/8] To diagnose recompilation issues, see https://docs.pytorch.org/docs/main/user_guide/torch_compiler/compile/programming_model.recompilation.html
/home/bluster/projectA/thermal-world-model/src/final_wm/training.py:192: UserWarning: Converting a tensor with requires_grad=True to a scalar may lead to unexpected behavior.
Consider using tensor.detach() first. (Triggered internally at /pytorch/torch/csrc/autograd/generated/python_variable_methods.cpp:836.)
  train_loss += float(loss)
[t1] closure_cons seed=0 best_val=1.426 eval={'H1': {'nll': 1.1019235849380493, 'mae': 2.343456745147705, 'crps': 1.9291784763336182}, 'H6': {'nll': 1.218719482421875, 'mae': 2.7388992309570312, 'crps': 2.0280656814575195}, 'H18': {'nll': 1.5262173414230347, 'mae': 3.2013978958129883, 'crps': 2.3085849285125732}}
[t1] closure_cons seed=1 best_val=1.407 eval={'H1': {'nll': 1.1501545906066895, 'mae': 2.459566116333008, 'crps': 1.998534917831421}, 'H6': {'nll': 1.2387490272521973, 'mae': 2.859706163406372, 'crps': 2.0996813774108887}, 'H18': {'nll': 1.5996742248535156, 'mae': 3.361520528793335, 'crps': 2.4177989959716797}}
[t1] closure_cons seed=2 best_val=1.396 eval={'H1': {'nll': 1.1371010541915894, 'mae': 2.5768392086029053, 'crps': 2.036494255065918}, 'H6': {'nll': 1.2114659547805786, 'mae': 2.8580353260040283, 'crps': 2.100149154663086}, 'H18': {'nll': 1.4848352670669556, 'mae': 3.2701072692871094, 'crps': 2.3546981811523438}}
[matrix] summary written: artifacts/final_wm_sideB/matrix_summary_sideB.json
